
> frontend@0.0.0 build
> vite build

[36mvite v8.0.3 [32mbuilding client environment for production...[36m[39m
[2K
transforming...Ô£ô 1789 modules transformed.
Ô£ù Build failed in 521ms
error during build:
Build failed with 6 errors:

[UNRESOLVED_IMPORT] Error: Could not resolve './Matches.module.css' in src/admin/screens/Matches.jsx
   Ôò¡ÔöÇ[ src/admin/screens/Matches.jsx:3:20 ]
   Ôöé
 3 Ôöé import styles from "./Matches.module.css";
   Ôöé                    ÔöÇÔöÇÔöÇÔöÇÔöÇÔöÇÔöÇÔöÇÔöÇÔöÇÔöÇÔö¼ÔöÇÔöÇÔöÇÔöÇÔöÇÔöÇÔöÇÔöÇÔöÇÔöÇ  
   Ôöé                               Ôò░ÔöÇÔöÇÔöÇÔöÇÔöÇÔöÇÔöÇÔöÇÔöÇÔöÇÔöÇÔöÇ Module not found.
   Ôöé 
   Ôöé Help: 'src/admin/screens/Matches.jsx' is imported by the following path:
   Ôöé         - src/admin/screens/Matches.jsx
   Ôöé         - src/admin/AdminRoot.jsx
   Ôöé         - src/App.jsx
   Ôöé         - src/main.jsx
   Ôöé         - index.html
ÔöÇÔöÇÔöÇÔò»

[UNRESOLVED_IMPORT] Error: Could not resolve './Pairs.module.css' in src/admin/screens/Pairs.jsx
   Ôò¡ÔöÇ[ src/admin/screens/Pairs.jsx:3:20 ]
   Ôöé
 3 Ôöé import styles from "./Pairs.module.css";
   Ôöé                    ÔöÇÔöÇÔöÇÔöÇÔöÇÔöÇÔöÇÔöÇÔöÇÔöÇÔö¼ÔöÇÔöÇÔöÇÔöÇÔöÇÔöÇÔöÇÔöÇÔöÇ  
   Ôöé                              Ôò░ÔöÇÔöÇÔöÇÔöÇÔöÇÔöÇÔöÇÔöÇÔöÇÔöÇÔöÇ Module not found.
   Ôöé 
   Ôöé Help: 'src/admin/screens/Pairs.jsx' is imported by the following path:
   Ôöé         - src/admin/screens/Pairs.jsx
   Ôöé         - src/admin/AdminRoot.jsx
   Ôöé         - src/App.jsx
   Ôöé         - src/main.jsx
   Ôöé         - index.html
ÔöÇÔöÇÔöÇÔò»

[UNRESOLVED_IMPORT] Error: Could not resolve './ImportExport.module.css' in src/admin/screens/ImportExport.jsx
   Ôò¡ÔöÇ[ src/admin/screens/ImportExport.jsx:3:20 ]
   Ôöé
 3 Ôöé import styles from "./ImportExport.module.css";
   Ôöé                    ÔöÇÔöÇÔöÇÔöÇÔöÇÔöÇÔöÇÔöÇÔöÇÔöÇÔöÇÔöÇÔöÇÔö¼ÔöÇÔöÇÔöÇÔöÇÔöÇÔöÇÔöÇÔöÇÔöÇÔöÇÔöÇÔöÇÔöÇ  
   Ôöé                                 Ôò░ÔöÇÔöÇÔöÇÔöÇÔöÇÔöÇÔöÇÔöÇÔöÇÔöÇÔöÇÔöÇÔöÇÔöÇÔöÇ Module not found.
   Ôöé 
   Ôöé Help: 'src/admin/screens/ImportExport.jsx' is imported by the following path:
   Ôöé         - src/admin/screens/ImportExport.jsx
   Ôöé         - src/admin/AdminRoot.jsx
   Ôöé         - src/App.jsx
   Ôöé         - src/main.jsx
   Ôöé         - index.html
ÔöÇÔöÇÔöÇÔò»

[UNRESOLVED_IMPORT] Error: Could not resolve './Brackets.module.css' in src/admin/screens/Brackets.jsx
   Ôò¡ÔöÇ[ src/admin/screens/Brackets.jsx:3:20 ]
   Ôöé
 3 Ôöé import styles from "./Brackets.module.css";
   Ôöé                    ÔöÇÔöÇÔöÇÔöÇÔöÇÔöÇÔöÇÔöÇÔöÇÔöÇÔöÇÔö¼ÔöÇÔöÇÔöÇÔöÇÔöÇÔöÇÔöÇÔöÇÔöÇÔöÇÔöÇ  
   Ôöé                               Ôò░ÔöÇÔöÇÔöÇÔöÇÔöÇÔöÇÔöÇÔöÇÔöÇÔöÇÔöÇÔöÇÔöÇ Module not found.
   Ôöé 
   Ôöé Help: 'src/admin/screens/Brackets.jsx' is imported by the following path:
   Ôöé         - src/admin/screens/Brackets.jsx
   Ôöé         - src/admin/AdminRoot.jsx
   Ôöé         - src/App.jsx
   Ôöé         - src/main.jsx
   Ôöé         - index.html
ÔöÇÔöÇÔöÇÔò»

[UNRESOLVED_IMPORT] Error: Could not resolve './Setup.module.css' in src/admin/screens/Setup.jsx
   Ôò¡ÔöÇ[ src/admin/screens/Setup.jsx:3:20 ]
   Ôöé
 3 Ôöé import styles from "./Setup.module.css";
   Ôöé                    ÔöÇÔöÇÔöÇÔöÇÔöÇÔöÇÔöÇÔöÇÔöÇÔöÇÔö¼ÔöÇÔöÇÔöÇÔöÇÔöÇÔöÇÔöÇÔöÇÔöÇ  
   Ôöé                              Ôò░ÔöÇÔöÇÔöÇÔöÇÔöÇÔöÇÔöÇÔöÇÔöÇÔöÇÔöÇ Module not found.
   Ôöé 
   Ôöé Help: 'src/admin/screens/Setup.jsx' is imported by the following path:
   Ôöé         - src/admin/screens/Setup.jsx
   Ôöé         - src/admin/AdminRoot.jsx
   Ôöé         - src/App.jsx
   Ôöé         - src/main.jsx
   Ôöé         - index.html
ÔöÇÔöÇÔöÇÔò»

...
    at aggregateBindingErrorsIntoJsError (file:///C:/Users/lorenzo.antoneli/Desktop/Torneio/frontend/node_modules/rolldown/dist/shared/error-BLhcSyeg.mjs:48:18)
    at unwrapBindingResult (file:///C:/Users/lorenzo.antoneli/Desktop/Torneio/frontend/node_modules/rolldown/dist/shared/error-BLhcSyeg.mjs:18:128)
    at #build (file:///C:/Users/lorenzo.antoneli/Desktop/Torneio/frontend/node_modules/rolldown/dist/shared/rolldown-build-CPrIX9V6.mjs:3313:34)
    at async buildEnvironment (file:///C:/Users/lorenzo.antoneli/Desktop/Torneio/frontend/node_modules/vite/dist/node/chunks/node.js:32849:64)
    at async Object.build (file:///C:/Users/lorenzo.antoneli/Desktop/Torneio/frontend/node_modules/vite/dist/node/chunks/node.js:33271:19)
    at async Object.buildApp (file:///C:/Users/lorenzo.antoneli/Desktop/Torneio/frontend/node_modules/vite/dist/node/chunks/node.js:33268:153)
    at async CAC.<anonymous> (file:///C:/Users/lorenzo.antoneli/Desktop/Torneio/frontend/node_modules/vite/dist/node/cli.js:778:3) {
  errors: [Getter/Setter]
}
